"","pielou"
"29-B1",0.762922771044472
"30-B1",0.848634146810082
"31-B2",0.704862221548651
"32-B3",0.63723696005265
"33-B1",0.247257981931724
"34-B1",0.096824741075377
"35-B2",0.641078125210229
"36-B3",0.833417796552241
"37-B1",0.791796909527683
"38-B2",0.887465647252009
"39-B3",0.803121823314378
"40-B1",0.780741925767807
"41-B2",0.875834977597714
"42-B3",0.714611449281654
"44-B2",0.417360960697893
"45-B3",0.755133548480391
"46-B1",0.696439465742608
"47-B2",0.329585171272836
"48-B3",0.793680654800821
"49-B1",0.838797737745538
"50-B2",0.748949444294838
"52-B1",0.649374025514032
"53-B2",0.667196654614594
"54-B3",0.250566726666924
